###############################################################################
#
# IAR ELF Linker V7.80.4.12462/W32 for ARM                10/Jun/2019  22:37:27
# Copyright 2007-2017 IAR Systems AB.
#
#    Output file  =  
#        C:\Users\阳可\Desktop\研电赛_采摘机器人\加拨码开关 0811047最终 -
#        副本\Prj\IAR\DZ10_Debug\Exe\vcan_Kinetis.out
#    Map file     =  
#        C:\Users\阳可\Desktop\研电赛_采摘机器人\加拨码开关 0811047最终 -
#        副本\Prj\IAR\DZ10_Debug\List\vcan_Kinetis.map
#    Command line =  
#        "C:\Users\阳可\Desktop\研电赛_采摘机器人\加拨码开关 0811047最终 -
#        副本\Prj\IAR\DZ10_Debug\Obj\buzzer.o"
#        "C:\Users\阳可\Desktop\研电赛_采摘机器人\加拨码开关 0811047最终 -
#        副本\Prj\IAR\DZ10_Debug\Obj\dial_switch.o"
#        "C:\Users\阳可\Desktop\研电赛_采摘机器人\加拨码开关 0811047最终 -
#        副本\Prj\IAR\DZ10_Debug\Obj\diskio.o"
#        "C:\Users\阳可\Desktop\研电赛_采摘机器人\加拨码开关 0811047最终 -
#        副本\Prj\IAR\DZ10_Debug\Obj\duoji.o"
#        "C:\Users\阳可\Desktop\研电赛_采摘机器人\加拨码开关 0811047最终 -
#        副本\Prj\IAR\DZ10_Debug\Obj\ff.o"
#        "C:\Users\阳可\Desktop\研电赛_采摘机器人\加拨码开关 0811047最终 -
#        副本\Prj\IAR\DZ10_Debug\Obj\I2C.o"
#        "C:\Users\阳可\Desktop\研电赛_采摘机器人\加拨码开关 0811047最终 -
#        副本\Prj\IAR\DZ10_Debug\Obj\initialization.o"
#        "C:\Users\阳可\Desktop\研电赛_采摘机器人\加拨码开关 0811047最终 -
#        副本\Prj\IAR\DZ10_Debug\Obj\main.o"
#        "C:\Users\阳可\Desktop\研电赛_采摘机器人\加拨码开关 0811047最终 -
#        副本\Prj\IAR\DZ10_Debug\Obj\misc.o"
#        "C:\Users\阳可\Desktop\研电赛_采摘机器人\加拨码开关 0811047最终 -
#        副本\Prj\IAR\DZ10_Debug\Obj\MK60_adc.o"
#        "C:\Users\阳可\Desktop\研电赛_采摘机器人\加拨码开关 0811047最终 -
#        副本\Prj\IAR\DZ10_Debug\Obj\MK60_conf.o"
#        "C:\Users\阳可\Desktop\研电赛_采摘机器人\加拨码开关 0811047最终 -
#        副本\Prj\IAR\DZ10_Debug\Obj\MK60_dac.o"
#        "C:\Users\阳可\Desktop\研电赛_采摘机器人\加拨码开关 0811047最终 -
#        副本\Prj\IAR\DZ10_Debug\Obj\MK60_dma.o"
#        "C:\Users\阳可\Desktop\研电赛_采摘机器人\加拨码开关 0811047最终 -
#        副本\Prj\IAR\DZ10_Debug\Obj\MK60_DWT.o"
#        "C:\Users\阳可\Desktop\研电赛_采摘机器人\加拨码开关 0811047最终 -
#        副本\Prj\IAR\DZ10_Debug\Obj\MK60_flash.o"
#        "C:\Users\阳可\Desktop\研电赛_采摘机器人\加拨码开关 0811047最终 -
#        副本\Prj\IAR\DZ10_Debug\Obj\MK60_flexbus.o"
#        "C:\Users\阳可\Desktop\研电赛_采摘机器人\加拨码开关 0811047最终 -
#        副本\Prj\IAR\DZ10_Debug\Obj\MK60_ftm.o"
#        "C:\Users\阳可\Desktop\研电赛_采摘机器人\加拨码开关 0811047最终 -
#        副本\Prj\IAR\DZ10_Debug\Obj\MK60_gpio.o"
#        "C:\Users\阳可\Desktop\研电赛_采摘机器人\加拨码开关 0811047最终 -
#        副本\Prj\IAR\DZ10_Debug\Obj\MK60_i2c.o"
#        "C:\Users\阳可\Desktop\研电赛_采摘机器人\加拨码开关 0811047最终 -
#        副本\Prj\IAR\DZ10_Debug\Obj\MK60_lptmr.o"
#        "C:\Users\阳可\Desktop\研电赛_采摘机器人\加拨码开关 0811047最终 -
#        副本\Prj\IAR\DZ10_Debug\Obj\MK60_mcg.o"
#        "C:\Users\阳可\Desktop\研电赛_采摘机器人\加拨码开关 0811047最终 -
#        副本\Prj\IAR\DZ10_Debug\Obj\MK60_PIT.o"
#        "C:\Users\阳可\Desktop\研电赛_采摘机器人\加拨码开关 0811047最终 -
#        副本\Prj\IAR\DZ10_Debug\Obj\MK60_port.o"
#        "C:\Users\阳可\Desktop\研电赛_采摘机器人\加拨码开关 0811047最终 -
#        副本\Prj\IAR\DZ10_Debug\Obj\MK60_rtc.o"
#        "C:\Users\阳可\Desktop\研电赛_采摘机器人\加拨码开关 0811047最终 -
#        副本\Prj\IAR\DZ10_Debug\Obj\MK60_SysTick.o"
#        "C:\Users\阳可\Desktop\研电赛_采摘机器人\加拨码开关 0811047最终 -
#        副本\Prj\IAR\DZ10_Debug\Obj\MK60_uart.o"
#        "C:\Users\阳可\Desktop\研电赛_采摘机器人\加拨码开关 0811047最终 -
#        副本\Prj\IAR\DZ10_Debug\Obj\MK60_usb.o"
#        "C:\Users\阳可\Desktop\研电赛_采摘机器人\加拨码开关 0811047最终 -
#        副本\Prj\IAR\DZ10_Debug\Obj\MK60_wdog.o"
#        "C:\Users\阳可\Desktop\研电赛_采摘机器人\加拨码开关 0811047最终 -
#        副本\Prj\IAR\DZ10_Debug\Obj\PS_two.o"
#        "C:\Users\阳可\Desktop\研电赛_采摘机器人\加拨码开关 0811047最终 -
#        副本\Prj\IAR\DZ10_Debug\Obj\startup_MK60DZ10.o"
#        "C:\Users\阳可\Desktop\研电赛_采摘机器人\加拨码开关 0811047最终 -
#        副本\Prj\IAR\DZ10_Debug\Obj\system_MK60DZ10.o"
#        "C:\Users\阳可\Desktop\研电赛_采摘机器人\加拨码开关 0811047最终 -
#        副本\Prj\IAR\DZ10_Debug\Obj\time.o"
#        "C:\Users\阳可\Desktop\研电赛_采摘机器人\加拨码开关 0811047最终 -
#        副本\Prj\IAR\DZ10_Debug\Obj\tuxiang.o"
#        "C:\Users\阳可\Desktop\研电赛_采摘机器人\加拨码开关 0811047最终 -
#        副本\Prj\IAR\DZ10_Debug\Obj\Ultrasonic_ranging.o"
#        "C:\Users\阳可\Desktop\研电赛_采摘机器人\加拨码开关 0811047最终 -
#        副本\Prj\IAR\DZ10_Debug\Obj\USB.o"
#        "C:\Users\阳可\Desktop\研电赛_采摘机器人\加拨码开关 0811047最终 -
#        副本\Prj\IAR\DZ10_Debug\Obj\USB_CDC.o"
#        "C:\Users\阳可\Desktop\研电赛_采摘机器人\加拨码开关 0811047最终 -
#        副本\Prj\IAR\DZ10_Debug\Obj\VCAN_camera.o"
#        "C:\Users\阳可\Desktop\研电赛_采摘机器人\加拨码开关 0811047最终 -
#        副本\Prj\IAR\DZ10_Debug\Obj\VCAN_computer.o"
#        "C:\Users\阳可\Desktop\研电赛_采摘机器人\加拨码开关 0811047最终 -
#        副本\Prj\IAR\DZ10_Debug\Obj\vcan_img2sd.o"
#        "C:\Users\阳可\Desktop\研电赛_采摘机器人\加拨码开关 0811047最终 -
#        副本\Prj\IAR\DZ10_Debug\Obj\VCAN_OV7725_Eagle.o"
#        "C:\Users\阳可\Desktop\研电赛_采摘机器人\加拨码开关 0811047最终 -
#        副本\Prj\IAR\DZ10_Debug\Obj\VCAN_SCCB.o"
#        "C:\Users\阳可\Desktop\研电赛_采摘机器人\加拨码开关 0811047最终 -
#        副本\Prj\IAR\DZ10_Debug\Obj\VCAN_send.o"
#        "C:\Users\阳可\Desktop\研电赛_采摘机器人\加拨码开关 0811047最终 -
#        副本\Prj\IAR\DZ10_Debug\Obj\vectors.o" --redirect
#        _Printf=_PrintfLargeNoMb --redirect _Scanf=_ScanfLargeNoMb -o
#        "C:\Users\阳可\Desktop\研电赛_采摘机器人\加拨码开关 0811047最终 -
#        副本\Prj\IAR\DZ10_Debug\Exe\vcan_Kinetis.out" --map
#        "C:\Users\阳可\Desktop\研电赛_采摘机器人\加拨码开关 0811047最终 -
#        副本\Prj\IAR\DZ10_Debug\List\vcan_Kinetis.map" --config
#        "C:\Users\阳可\Desktop\研电赛_采摘机器人\加拨码开关 0811047最终 -
#        副本\Prj\IAR\config files\vcan_ROM_K60N512.icf"
#        "C:\Users\阳可\Desktop\研电赛_采摘机器人\加拨码开关 0811047最终 -
#        副本\Prj\IAR\..\..\Lib\CMSIS\iar_cortexM4l_math.a" --entry
#        __iar_program_start --vfe
#
###############################################################################

*******************************************************************************
*** RUNTIME MODEL ATTRIBUTES
***

CppFlavor       = *
__SystemLibrary = DLib


*******************************************************************************
*** PLACEMENT SUMMARY
***

"A0":  place at 0x00000000 { ro section .intvec };
"A1":  place at 0x00000410 { ro section .noinit };
"P1":  place in [from 0x00000000 to 0x00080000] { ro, block CodeRelocate };
"P2":  place in [from 0x1fff0410 to 0x20010000] {
          rw, block CodeRelocateRam, block CSTACK, block HEAP };
initialize manually with packing = copy, complex ranges { section .data };
initialize manually with packing = copy, complex ranges { section .textrw };

  Section              Kind        Address    Size  Object
  -------              ----        -------    ----  ------
"A0":                                        0x410
  .intvec              const    0x00000000   0x410  vectors.o [1]
                              - 0x00000410   0x410

"A1":                                          0x8
  .noinit              ro code  0x00000410     0x8  startup_MK60DZ10.o [1]
                              - 0x00000418     0x8

"P1":                                       0x2f3c
  .text                ro code  0x00000418   0x9ce  duoji.o [1]
  .text                ro code  0x00000de8   0x338  I2C.o [1]
  .text                ro code  0x00001120    0x32  I32ToFlt.o [4]
  .text                ro code  0x00001154    0x84  FltAdd.o [4]
  .text                ro code  0x000011d8    0x44  FltToS32.o [4]
  .text                ro code  0x0000121c    0xe6  FltSub.o [4]
  .text                ro code  0x00001304   0x164  MK60_gpio.o [1]
  .text                ro code  0x00001468    0x4e  FltToDbl.o [4]
  .text                ro code  0x000014b8   0x1a2  DblMul.o [4]
  .text                ro code  0x0000165c    0x90  DblToFlt.o [4]
  .text                ro code  0x000016ec    0xfc  FltDiv.o [4]
  .text                ro code  0x000017e8    0xe8  DblAdd.o [4]
  .text                ro code  0x000018d0    0x5e  floor.o [4]
  .text                ro code  0x00001930    0x2c  DblToI32.o [4]
  .text                ro code  0x0000195c    0x50  MK60_port.o [1]
  .text                ro code  0x000019ac    0x10  MK60_conf.o [1]
  .text                ro code  0x000019bc   0x16c  DblSub.o [4]
  .data_init                    0x00001b28   0x554  <Block>
    Initializer bytes  const    0x00001b28   0x554  <for .data-1>
  Veneer               ro code  0x0000207c     0x8  - Linker created -
  .text                ro code  0x00002084   0x3c8  MK60_mcg.o [1]
  .text                ro code  0x0000244c   0x300  PS_two.o [1]
  .text                ro code  0x0000274c    0xd8  FltMul.o [4]
  .text                ro code  0x00002824    0x24  FltToU32.o [4]
  .text                ro code  0x00002848   0x22c  MK60_uart.o [1]
  .text                ro code  0x00002a74   0x1bc  VCAN_SCCB.o [1]
  .text                ro code  0x00002c30   0x12c  system_MK60DZ10.o [1]
  .text                ro code  0x00002d5c    0x40  MK60_wdog.o [1]
  .text                ro code  0x00002d9c   0x108  main.o [1]
  .text                ro code  0x00002ea4    0x50  misc.o [1]
  .text                ro code  0x00002ef4    0x1e  initialization.o [1]
  .text                ro code  0x00002f14    0xf4  dial_switch.o [1]
  .text                ro code  0x00003008    0x54  time.o [1]
  .text                ro code  0x0000305c    0x7c  MK60_PIT.o [1]
  .rodata              const    0x000030d8    0x5c  MK60_gpio.o [1]
  .rodata              const    0x00003134    0x5c  MK60_PIT.o [1]
  .rodata              const    0x00003190    0x5c  MK60_uart.o [1]
  .rodata              const    0x000031ec    0x58  misc.o [1]
  CodeRelocate                  0x00003244    0x50  <Block>
    Initializer bytes  const    0x00003244    0x50  <for CodeRelocateRam-1>
  .text                ro code  0x00003294    0x40  zero_init3.o [5]
  .text                ro code  0x000032d4    0x28  data_init.o [5]
  .iar.init_table      const    0x000032fc    0x10  - Linker created -
  .text                ro code  0x0000330c    0x1a  cmain.o [5]
  .text                ro code  0x00003326     0x4  low_level_init.o [3]
  .text                ro code  0x0000332a     0x4  exit.o [3]
  .text                ro code  0x00003330     0xa  cexit.o [5]
  .text                ro code  0x0000333c     0xc  XXexit.o [5]
  .text                ro code  0x00003348     0xc  cstartup_M.o [5]
  .rodata              const    0x00003354     0x0  zero_init3.o [5]
                              - 0x00003354  0x2f3c

"P2", part 1 of 2:                           0x5a4
  .data                         0x1fff0410   0x554  <Block>
    .data-1                     0x1fff0410   0x552  <Init block>
      .data            inited   0x1fff0410    0x30  duoji.o [1]
      .data            inited   0x1fff0440    0x30  duoji.o [1]
      .data            inited   0x1fff0470    0x30  duoji.o [1]
      .data            inited   0x1fff04a0    0x30  duoji.o [1]
      .data            inited   0x1fff04d0    0x30  duoji.o [1]
      .data            inited   0x1fff0500    0x30  duoji.o [1]
      .data            inited   0x1fff0530    0x30  duoji.o [1]
      .data            inited   0x1fff0560    0x30  duoji.o [1]
      .data            inited   0x1fff0590    0x30  duoji.o [1]
      .data            inited   0x1fff05c0    0x30  duoji.o [1]
      .data            inited   0x1fff05f0    0x30  duoji.o [1]
      .data            inited   0x1fff0620    0x30  duoji.o [1]
      .data            inited   0x1fff0650    0x30  duoji.o [1]
      .data            inited   0x1fff0680    0x30  duoji.o [1]
      .data            inited   0x1fff06b0    0x30  duoji.o [1]
      .data            inited   0x1fff06e0    0x30  duoji.o [1]
      .data            inited   0x1fff0710    0x30  duoji.o [1]
      .data            inited   0x1fff0740    0x30  duoji.o [1]
      .data            inited   0x1fff0770    0x30  duoji.o [1]
      .data            inited   0x1fff07a0    0x30  duoji.o [1]
      .data            inited   0x1fff07d0    0x30  duoji.o [1]
      .data            inited   0x1fff0800    0x30  duoji.o [1]
      .data            inited   0x1fff0830    0x30  duoji.o [1]
      .data            inited   0x1fff0860    0x30  duoji.o [1]
      .data            inited   0x1fff0890    0x30  duoji.o [1]
      .data            inited   0x1fff08c0    0x14  MK60_gpio.o [1]
      .data            inited   0x1fff08d4    0x44  MK60_mcg.o [1]
      .data            inited   0x1fff0918     0x4  MK60_mcg.o [1]
      .data            inited   0x1fff091c    0x14  MK60_port.o [1]
      .data            inited   0x1fff0930    0x18  MK60_uart.o [1]
      .data            inited   0x1fff0948     0x4  PS_two.o [1]
      .data            inited   0x1fff094c     0x4  PS_two.o [1]
      .data            inited   0x1fff0950     0x4  PS_two.o [1]
      .data            inited   0x1fff0954     0x4  PS_two.o [1]
      .data            inited   0x1fff0958     0x4  PS_two.o [1]
      .data            inited   0x1fff095c     0x4  PS_two.o [1]
      .data            inited   0x1fff0960     0x2  PS_two.o [1]
  CodeRelocateRam               0x1fff0964    0x50  <Block>
    CodeRelocateRam-1           0x1fff0964    0x50  <Init block>
      .textrw          inited   0x1fff0964    0x50  MK60_mcg.o [1]
                              - 0x1fff09b4   0x5a4

"P2", part 2 of 2:                           0x2bc
  .bss                          0x1fff09b4   0x2bc  <Block>
    .bss               zero     0x1fff09b4     0x4  duoji.o [1]
    .bss               zero     0x1fff09b8     0x4  duoji.o [1]
    .bss               zero     0x1fff09bc     0x4  duoji.o [1]
    .bss               zero     0x1fff09c0     0x4  duoji.o [1]
    .bss               zero     0x1fff09c4     0x4  duoji.o [1]
    .bss               zero     0x1fff09c8    0x30  duoji.o [1]
    .bss               zero     0x1fff09f8    0x30  duoji.o [1]
    .bss               zero     0x1fff0a28    0x30  duoji.o [1]
    .bss               zero     0x1fff0a58    0x30  duoji.o [1]
    .bss               zero     0x1fff0a88    0x30  duoji.o [1]
    .bss               zero     0x1fff0ab8    0x30  duoji.o [1]
    .bss               zero     0x1fff0ae8    0x30  duoji.o [1]
    .bss               zero     0x1fff0b18    0x30  duoji.o [1]
    .bss               zero     0x1fff0b48    0x30  duoji.o [1]
    .bss               zero     0x1fff0b78    0x30  duoji.o [1]
    .bss               zero     0x1fff0ba8    0x30  duoji.o [1]
    .bss               zero     0x1fff0bd8    0x30  duoji.o [1]
    .bss               zero     0x1fff0c08     0x4  duoji.o [1]
    .bss               zero     0x1fff0c0c     0x4  duoji.o [1]
    .bss               zero     0x1fff0c10     0x4  duoji.o [1]
    .bss               zero     0x1fff0c14     0x4  duoji.o [1]
    .bss               zero     0x1fff0c18     0x4  duoji.o [1]
    .bss               zero     0x1fff0c1c     0x4  duoji.o [1]
    .bss               zero     0x1fff0c20     0x4  duoji.o [1]
    .bss               zero     0x1fff0c24     0x4  duoji.o [1]
    .bss               zero     0x1fff0c28     0x4  duoji.o [1]
    .bss               zero     0x1fff0c2c     0x4  duoji.o [1]
    .bss               zero     0x1fff0c30     0x4  duoji.o [1]
    .bss               zero     0x1fff0c34     0x4  duoji.o [1]
    .bss               zero     0x1fff0c38     0x4  duoji.o [1]
    .bss               zero     0x1fff0c3c     0x4  PS_two.o [1]
    .bss               zero     0x1fff0c40     0x4  PS_two.o [1]
    .bss               zero     0x1fff0c44     0x4  PS_two.o [1]
    .bss               zero     0x1fff0c48     0x4  PS_two.o [1]
    .bss               zero     0x1fff0c4c     0x4  PS_two.o [1]
    .bss               zero     0x1fff0c50     0x4  PS_two.o [1]
    .bss               zero     0x1fff0c54     0xc  PS_two.o [1]
    .bss               zero     0x1fff0c60     0x4  system_MK60DZ10.o [1]
    .bss               zero     0x1fff0c64     0x4  system_MK60DZ10.o [1]
    .bss               zero     0x1fff0c68     0x4  system_MK60DZ10.o [1]
    .bss               zero     0x1fff0c6c     0x1  dial_switch.o [1]
    .bss               zero     0x1fff0c6d     0x1  duoji.o [1]
    .bss               zero     0x1fff0c6e     0x1  duoji.o [1]
                              - 0x1fff0c70   0x2bc


*******************************************************************************
*** INIT TABLE
***

          Address     Size
          -------     ----
Zero (__iar_zero_init3)
    1 destination range, total size 0x2bb:
          0x1fff09b4  0x2bb



*******************************************************************************
*** MODULE SUMMARY
***

    Module              ro code  rw code  ro data  rw data
    ------              -------  -------  -------  -------
C:\Users\阳可\Desktop\研电赛_采摘机器人\加拨码开关 0811047最终 - 副本\Prj\IAR\DZ10_Debug\Obj: [1]
    I2C.o                   824
    MK60_PIT.o              124                92
    MK60_conf.o              16
    MK60_gpio.o             356               112       20
    MK60_mcg.o              968       80      152       72
    MK60_port.o              80                20       20
    MK60_uart.o             556               116       24
    MK60_wdog.o              64
    PS_two.o                768                26       62
    VCAN_SCCB.o             444
    dial_switch.o           244                          1
    duoji.o               2 510             1 200    1 850
    initialization.o         30
    main.o                  264
    misc.o                   80                88
    startup_MK60DZ10.o        8
    system_MK60DZ10.o       300                         12
    time.o                   84
    vectors.o                               1 040
    ------------------------------------------------------
    Total:                7 720       80    2 846    2 061

command line: [2]
    ------------------------------------------------------
    Total:

dl7M_tlf.a: [3]
    exit.o                    4
    low_level_init.o          4
    ------------------------------------------------------
    Total:                    8

m7M_tl.a: [4]
    DblAdd.o                232
    DblMul.o                418
    DblSub.o                364
    DblToFlt.o              144
    DblToI32.o               44
    FltAdd.o                132
    FltDiv.o                252
    FltMul.o                216
    FltSub.o                230
    FltToDbl.o               78
    FltToS32.o               68
    FltToU32.o               36
    I32ToFlt.o               50
    floor.o                  94
    ------------------------------------------------------
    Total:                2 358

rt7M_tl.a: [5]
    XXexit.o                 12
    cexit.o                  10
    cmain.o                  26
    cstartup_M.o             12
    data_init.o              40
    zero_init3.o             64
    ------------------------------------------------------
    Total:                  164

    Gaps                     18
    Linker created            8                18
----------------------------------------------------------
    Grand Total:         10 276       80    2 864    2 061


*******************************************************************************
*** ENTRY LIST
***

Entry                      Address   Size  Type      Object
-----                      -------   ----  ----      ------
.bss$$Base              0x1fff09b4          --   Gb  - Linker created -
.bss$$Limit             0x1fff0c70          --   Gb  - Linker created -
.data$$Base             0x1fff0410          --   Gb  - Linker created -
.data$$Limit            0x1fff0964          --   Gb  - Linker created -
.data_init$$Base        0x00001b28          --   Gb  - Linker created -
.data_init$$Limit       0x0000207c          --   Gb  - Linker created -
.iar.init_table$$Base   0x000032fc          --   Gb  - Linker created -
.iar.init_table$$Limit  0x0000330c          --   Gb  - Linker created -
?main                   0x0000330d         Code  Gb  cmain.o [5]
CodeRelocate$$Base      0x00003244          --   Gb  - Linker created -
CodeRelocate$$Limit     0x00003294          --   Gb  - Linker created -
CodeRelocateRam$$Base   0x1fff0964          --   Gb  - Linker created -
CodeRelocateRam$$Limit  0x1fff09b4          --   Gb  - Linker created -
Comd                    0x1fff0960    0x2  Data  Gb  PS_two.o [1]
Data                    0x1fff0c54    0xc  Data  Gb  PS_two.o [1]
GPIOX                   0x1fff08c0   0x14  Data  Gb  MK60_gpio.o [1]
I2C_DATA_IN             0x00000e75   0x18  Code  Gb  I2C.o [1]
I2C_DATA_OUT            0x00000e4f   0x26  Code  Gb  I2C.o [1]
I2C_SCLK                0x00000e2d   0x22  Code  Gb  I2C.o [1]
I2C_init                0x00000de9   0x18  Code  Gb  I2C.o [1]
KD                      0x1fff0c20    0x4  Data  Gb  duoji.o [1]
KI                      0x1fff0c24    0x4  Data  Gb  duoji.o [1]
KP                      0x1fff0c1c    0x4  Data  Gb  duoji.o [1]
Mechanical_arm          0x00002479   0xfc  Code  Gb  PS_two.o [1]
NVIC_DisableIRQ         0x00003009   0x14  Code  Lc  time.o [1]
PCA9685_read            0x000010cd   0x54  Code  Gb  I2C.o [1]
PCA9685_write           0x00001083   0x4a  Code  Gb  I2C.o [1]
PIT0_IRQHandler         0x00003041    0xe  Code  Gb  time.o [1]
PORTX                   0x1fff091c   0x14  Data  Gb  MK60_port.o [1]
PS2_AnologData          0x0000266d   0x12  Code  Gb  PS_two.o [1]
PS2_ClearData           0x0000267f   0x18  Code  Gb  PS_two.o [1]
PS2_Cmd                 0x00002575   0x68  Code  Gb  PS_two.o [1]
PS2_Init                0x0000244d   0x2c  Code  Gb  PS_two.o [1]
PS2_ReadData            0x000025dd   0x90  Code  Gb  PS_two.o [1]
PS_DATA_CLK             0x0000272f   0x1e  Code  Gb  PS_two.o [1]
PS_DATA_CS              0x00002711   0x1e  Code  Gb  PS_two.o [1]
PS_DATA_DO              0x000026f3   0x1e  Code  Gb  PS_two.o [1]
PS_DATA_IN              0x000026e1   0x12  Code  Gb  PS_two.o [1]
Read_switch             0x00002f6d   0x98  Code  Gb  dial_switch.o [1]
Region$$Table$$Base     0x000032fc          --   Gb  - Linker created -
Region$$Table$$Limit    0x0000330c          --   Gb  - Linker created -
Reset_Handler           0x00000411         Code  Gb  startup_MK60DZ10.o [1]
SCCB_SendByte           0x00002b6d   0x44  Code  Lc  VCAN_SCCB.o [1]
SCCB_Start              0x00002a8f   0x5e  Code  Lc  VCAN_SCCB.o [1]
SCCB_Stop               0x00002aed   0x34  Code  Lc  VCAN_SCCB.o [1]
SCCB_WaitAck            0x00002b21   0x4c  Code  Lc  VCAN_SCCB.o [1]
SCCB_WriteByte          0x00002bc1   0x28  Code  Gb  VCAN_SCCB.o [1]
SCCB_WriteByte_one      0x00002be9   0x48  Code  Lc  VCAN_SCCB.o [1]
SCCB_delay              0x00002a75   0x1a  Code  Lc  VCAN_SCCB.o [1]
UARTN                   0x1fff0930   0x18  Data  Gb  MK60_uart.o [1]
__BOOT_STACK_ADDRESS {Abs}
                        0x2000fff8         Data  Gb  command line/config [2]
__VECTOR_RAM {Abs}      0x1fff0000         Data  Gb  command line/config [2]
__VECTOR_TABLE {Abs}    0x00000000         Data  Gb  command line/config [2]
__aeabi_d2f             0x0000165d         Code  Gb  DblToFlt.o [4]
__aeabi_d2uiz           0x00001931         Code  Gb  DblToI32.o [4]
__aeabi_dadd            0x000017e9         Code  Gb  DblAdd.o [4]
__aeabi_dmul            0x000014b9         Code  Gb  DblMul.o [4]
__aeabi_f2d             0x00001469         Code  Gb  FltToDbl.o [4]
__aeabi_f2iz            0x000011d9         Code  Gb  FltToS32.o [4]
__aeabi_f2uiz           0x00002825         Code  Gb  FltToU32.o [4]
__aeabi_fadd            0x00001155         Code  Gb  FltAdd.o [4]
__aeabi_fdiv            0x000016ed         Code  Gb  FltDiv.o [4]
__aeabi_fmul            0x0000274d         Code  Gb  FltMul.o [4]
__aeabi_fsub            0x0000121d         Code  Gb  FltSub.o [4]
__aeabi_i2f             0x00001121         Code  Gb  I32ToFlt.o [4]
__aeabi_ui2f            0x00001135         Code  Gb  I32ToFlt.o [4]
__cmain                 0x0000330d         Code  Gb  cmain.o [5]
__code_start__ {Abs}    0x00000410         Data  Gb  command line/config [2]
__exit                  0x0000333d         Code  Gb  XXexit.o [5]
__iar_d2uiz             0x0000193d         Code  Gb  DblToI32.o [4]
__iar_dadd              0x000017fd         Code  Gb  DblAdd.o [4]
__iar_data_init3        0x000032d5   0x28  Code  Gb  data_init.o [5]
__iar_dsub              0x000019bd         Code  Gb  DblSub.o [4]
__iar_dsubStart         0x000019cf         Code  Gb  DblSub.o [4]
__iar_fadd              0x00001165         Code  Gb  FltAdd.o [4]
__iar_floor             0x000018d1         Code  Gb  floor.o [4]
__iar_floorl            0x000018d1         Code  Gb  floor.o [4]
__iar_fsub              0x0000122d         Code  Gb  FltSub.o [4]
__iar_fsubStart         0x0000123d         Code  Gb  FltSub.o [4]
__iar_program_start     0x00003349         Code  Gb  cstartup_M.o [5]
__iar_ui2f              0x00001139         Code  Gb  I32ToFlt.o [4]
__iar_zero_init3        0x00003295   0x40  Code  Gb  zero_init3.o [5]
__low_level_init        0x00003327    0x4  Code  Gb  low_level_init.o [3]
__vector_table          0x00000000  0x410  Data  Gb  vectors.o [1]
_call_main              0x00003319         Code  Gb  cmain.o [5]
_exit                   0x00003331         Code  Gb  cexit.o [5]
_main                   0x00003323         Code  Gb  cmain.o [5]
a_1                     0x1fff0c3c    0x4  Data  Gb  PS_two.o [1]
a_2                     0x1fff0c40    0x4  Data  Gb  PS_two.o [1]
a_3                     0x1fff0c44    0x4  Data  Gb  PS_two.o [1]
angle_1                 0x1fff0c48    0x4  Data  Gb  PS_two.o [1]
angle_2                 0x1fff0c4c    0x4  Data  Gb  PS_two.o [1]
angle_3                 0x1fff0c50    0x4  Data  Gb  PS_two.o [1]
assert_failed           0x000019ad    0x2  Code  Gb  MK60_conf.o [1]
b_1                     0x1fff094c    0x4  Data  Gb  PS_two.o [1]
b_2                     0x1fff0954    0x4  Data  Gb  PS_two.o [1]
b_3                     0x1fff095c    0x4  Data  Gb  PS_two.o [1]
bus_clk_khz             0x1fff0c68    0x4  Data  Gb  system_MK60DZ10.o [1]
common_startup          0x00002c8b   0x98  Code  Gb  system_MK60DZ10.o [1]
core_clk_khz            0x1fff0c60    0x4  Data  Gb  system_MK60DZ10.o [1]
core_clk_mhz            0x1fff0c64    0x4  Data  Gb  system_MK60DZ10.o [1]
default_isr             0x000019af    0x6  Code  Gb  MK60_conf.o [1]
delay_PS                0x000026d1   0x10  Code  Gb  PS_two.o [1]
delay_i2                0x00000e01   0x10  Code  Gb  I2C.o [1]
delay_i2_MS             0x00000dd1   0x16  Code  Gb  duoji.o [1]
delay_i2_MS_X           0x00000db1   0x20  Code  Gb  duoji.o [1]
duiji_test              0x00000ac9   0x9c  Code  Gb  duoji.o [1]
duoji_init              0x000007e3   0x4c  Code  Gb  duoji.o [1]
ek                      0x1fff0c10    0x4  Data  Gb  duoji.o [1]
ek1                     0x1fff0c14    0x4  Data  Gb  duoji.o [1]
ek2                     0x1fff0c18    0x4  Data  Gb  duoji.o [1]
exit                    0x0000332b    0x4  Code  Gb  exit.o [3]
floor                   0x000018d1         Code  Gb  floor.o [4]
floorl                  0x000018d1         Code  Gb  floor.o [4]
gpio_get                0x00001425   0x3a  Code  Gb  MK60_gpio.o [1]
gpio_init               0x00001305   0xae  Code  Gb  MK60_gpio.o [1]
gpio_set                0x000013b3   0x72  Code  Gb  MK60_gpio.o [1]
init_canshu             0x000007c5   0x1e  Code  Gb  duoji.o [1]
init_canshu_l           0x00000419  0x1d6  Code  Gb  duoji.o [1]
init_canshu_m           0x000005ef  0x1d6  Code  Gb  duoji.o [1]
k_1                     0x1fff0948    0x4  Data  Gb  PS_two.o [1]
k_2                     0x1fff0950    0x4  Data  Gb  PS_two.o [1]
k_3                     0x1fff0958    0x4  Data  Gb  PS_two.o [1]
kongzhi_fangxiang       0x1fff0c6d    0x1  Data  Gb  duoji.o [1]
kongzhi_mode            0x1fff0c6e    0x1  Data  Gb  duoji.o [1]
main                    0x00002d9d  0x108  Code  Gb  main.o [1]
mcg_cfg                 0x1fff08d4   0x44  Data  Gb  MK60_mcg.o [1]
mcg_div                 0x1fff0918    0x4  Data  Gb  MK60_mcg.o [1]
mcg_div_count           0x00002085  0x2fa  Code  Gb  MK60_mcg.o [1]
out9685_p               0x1fff0c0c    0x4  Data  Gb  duoji.o [1]
pit_init                0x0000305d   0x6c  Code  Gb  MK60_PIT.o [1]
pll_init                0x0000237f   0xb2  Code  Gb  MK60_mcg.o [1]
port_init               0x0000195d   0x48  Code  Gb  MK60_port.o [1]
qu_zhongzhi             0x0000082f   0x32  Code  Gb  duoji.o [1]
read_i2b                0x00000efb   0x48  Code  Gb  I2C.o [1]
reset                   0x00001077    0xc  Code  Gb  I2C.o [1]
reset_tui               0x0000097d   0x18  Code  Gb  duoji.o [1]
sdack                   0x00000ec5   0x36  Code  Gb  I2C.o [1]
sdstart                 0x00000e8d   0x1c  Code  Gb  I2C.o [1]
sdstop                  0x00000ea9   0x1c  Code  Gb  I2C.o [1]
setPWM                  0x00001035   0x42  Code  Gb  I2C.o [1]
setPWMFreq              0x00000f85   0x9a  Code  Gb  I2C.o [1]
set_sys_dividers        0x1fff0965   0x50  Code  Gb  MK60_mcg.o [1]
set_vector_handler      0x00002ec7   0x22  Code  Gb  misc.o [1]
shuchuX0                0x1fff09c8   0x30  Data  Gb  duoji.o [1]
shuchuX0L               0x1fff0410   0x30  Data  Gb  duoji.o [1]
shuchuX0M               0x1fff0650   0x30  Data  Gb  duoji.o [1]
shuchuX1                0x1fff09f8   0x30  Data  Gb  duoji.o [1]
shuchuX10               0x1fff0ba8   0x30  Data  Gb  duoji.o [1]
shuchuX10L              0x1fff05f0   0x30  Data  Gb  duoji.o [1]
shuchuX10M              0x1fff0830   0x30  Data  Gb  duoji.o [1]
shuchuX11               0x1fff0bd8   0x30  Data  Gb  duoji.o [1]
shuchuX11L              0x1fff0620   0x30  Data  Gb  duoji.o [1]
shuchuX11M              0x1fff0860   0x30  Data  Gb  duoji.o [1]
shuchuX1L               0x1fff0440   0x30  Data  Gb  duoji.o [1]
shuchuX1M               0x1fff0680   0x30  Data  Gb  duoji.o [1]
shuchuX2                0x1fff0a28   0x30  Data  Gb  duoji.o [1]
shuchuX2L               0x1fff0470   0x30  Data  Gb  duoji.o [1]
shuchuX2M               0x1fff06b0   0x30  Data  Gb  duoji.o [1]
shuchuX3                0x1fff0a58   0x30  Data  Gb  duoji.o [1]
shuchuX3L               0x1fff04a0   0x30  Data  Gb  duoji.o [1]
shuchuX3M               0x1fff06e0   0x30  Data  Gb  duoji.o [1]
shuchuX4                0x1fff0a88   0x30  Data  Gb  duoji.o [1]
shuchuX4L               0x1fff04d0   0x30  Data  Gb  duoji.o [1]
shuchuX4M               0x1fff0710   0x30  Data  Gb  duoji.o [1]
shuchuX5                0x1fff0ab8   0x30  Data  Gb  duoji.o [1]
shuchuX5L               0x1fff0500   0x30  Data  Gb  duoji.o [1]
shuchuX5M               0x1fff0740   0x30  Data  Gb  duoji.o [1]
shuchuX6                0x1fff0ae8   0x30  Data  Gb  duoji.o [1]
shuchuX6L               0x1fff0530   0x30  Data  Gb  duoji.o [1]
shuchuX6M               0x1fff0770   0x30  Data  Gb  duoji.o [1]
shuchuX7                0x1fff0b18   0x30  Data  Gb  duoji.o [1]
shuchuX7L               0x1fff0560   0x30  Data  Gb  duoji.o [1]
shuchuX7M               0x1fff07a0   0x30  Data  Gb  duoji.o [1]
shuchuX8                0x1fff0b48   0x30  Data  Gb  duoji.o [1]
shuchuX8L               0x1fff0590   0x30  Data  Gb  duoji.o [1]
shuchuX8M               0x1fff07d0   0x30  Data  Gb  duoji.o [1]
shuchuX9                0x1fff0b78   0x30  Data  Gb  duoji.o [1]
shuchuX9L               0x1fff05c0   0x30  Data  Gb  duoji.o [1]
shuchuX9M               0x1fff0800   0x30  Data  Gb  duoji.o [1]
shuchu_li               0x1fff0890   0x30  Data  Gb  duoji.o [1]
shuchu_outxxx           0x00000b8d  0x154  Code  Gb  duoji.o [1]
shuchu_shuju_p          0x1fff09c4    0x4  Data  Gb  duoji.o [1]
song_zhi                0x000008d3   0xaa  Code  Gb  duoji.o [1]
song_zhi_x              0x00000861   0x72  Code  Gb  duoji.o [1]
start                   0x00002c31   0x1e  Code  Gb  system_MK60DZ10.o [1]
switch_init_all         0x00002f15   0x58  Code  Gb  dial_switch.o [1]
switch_sda_in           0x00000e11    0xe  Code  Gb  I2C.o [1]
switch_sda_out          0x00000e1f    0xe  Code  Gb  I2C.o [1]
switch_state            0x1fff0c6c    0x1  Data  Gb  dial_switch.o [1]
sysinit                 0x00002c4f   0x3c  Code  Gb  system_MK60DZ10.o [1]
system_init             0x00002ef5   0x1e  Code  Gb  initialization.o [1]
time                    0x1fff0c30    0x4  Data  Gb  duoji.o [1]
time1                   0x1fff0c34    0x4  Data  Gb  duoji.o [1]
time2                   0x1fff0c38    0x4  Data  Gb  duoji.o [1]
time_init               0x0000301d   0x24  Code  Gb  time.o [1]
uart_init               0x00002849  0x214  Code  Gb  MK60_uart.o [1]
uk                      0x1fff0c28    0x4  Data  Gb  duoji.o [1]
uk1                     0x1fff0c2c    0x4  Data  Gb  duoji.o [1]
wdog_disable            0x00002d5d   0x16  Code  Gb  MK60_wdog.o [1]
wdog_unlock             0x00002d73   0x20  Code  Lc  MK60_wdog.o [1]
write_i2b               0x00000f43   0x42  Code  Gb  I2C.o [1]
write_vtor              0x00002ea5   0x22  Code  Gb  misc.o [1]
xuanzhuan_shuch         0x1fff0c08    0x4  Data  Gb  duoji.o [1]
you_xuanzhuan           0x00000a3b   0x8e  Code  Gb  duoji.o [1]
youhou_ddd              0x1fff09bc    0x4  Data  Gb  duoji.o [1]
youqian_ddd             0x1fff09b4    0x4  Data  Gb  duoji.o [1]
zuo_xuanzhuan           0x00000995   0xa6  Code  Gb  duoji.o [1]
zuohou_ddd              0x1fff09b8    0x4  Data  Gb  duoji.o [1]
zuoqian_ddd             0x1fff09c0    0x4  Data  Gb  duoji.o [1]


[1] = C:\Users\阳可\Desktop\研电赛_采摘机器人\加拨码开关 0811047最终 - 副本\Prj\IAR\DZ10_Debug\Obj
[2] = command line
[3] = dl7M_tlf.a
[4] = m7M_tl.a
[5] = rt7M_tl.a

  10 276 bytes of readonly  code memory
      80 bytes of readwrite code memory
   2 864 bytes of readonly  data memory
   2 061 bytes of readwrite data memory

Errors: none
Warnings: none
